[ Contract
    ( ContractDefinition
        { abstract = True
        , name = Identifier "StdUtils"
        , inheritance = Nothing
        , body = []
        }
    )
]